// Jest Snapshot v1, https://goo.gl/fbAQLP

exports[`test Spinner test snapshot 1`] = `
<div
  className="spinner"
>
  <Spin
    size="large"
    spinning={true}
    wrapperClassName=""
  />
</div>
`;
