// Jest Snapshot v1, https://goo.gl/fbAQLP

exports[`test PrivateRoute test snapshot 1`] = `
<Route
  render={[Function]}
/>
`;
