// Jest Snapshot v1, https://goo.gl/fbAQLP

exports[`test ConfirmEmail test snapshot 1`] = `
<ContextConsumer>
  <Component />
</ContextConsumer>
`;
