// Jest Snapshot v1, https://goo.gl/fbAQLP

exports[`test ChangePassword test snapshot 1`] = `
<section
  className="change-password"
>
  <h2>
    Important: Never tell your girlfriend the password!
  </h2>
  <Form(ChangePasswordForm) />
</section>
`;
