// Jest Snapshot v1, https://goo.gl/fbAQLP

exports[`test ErrorBoundary test snapshot 1`] = `""`;
